// Jest Snapshot v1, https://goo.gl/fbAQLP

exports[`<Navbar /> renders correctly 1`] = `
<nav
  className="navbar"
>
  <h1>
    Recruitment task
  </h1>
</nav>
`;
